[?25l[?2004hdir/file2.data                                   [===============] 90.0 B
file.txt                                         [=========      ] 60.0 B
...irectory-Name/to-check-text-padding.extension [               ] 90.0 B
1 file done (1.26 KBs)
[D[2K[?2004l[?25h[?1002l[?1003l[?1006l